// Jest Snapshot v1, https://goo.gl/fbAQLP

exports[`Search Container renders successfully 1`] = `ShallowWrapper {}`;
